
> zentra-backend@1.0.0 test
> jest tests/integration/transaction.test.ts

{"level":40,"time":1786116717869,"pid":11740,"hostname":"AYUSH_AGRAWAL","err":{"type":"AuthenticationError","message":"Invalid token","stack":"Error: Invalid token\n    at authenticate (C:\\Users\\agraw\\OneDrive\\Desktop\\Zentra\\zentra-finance\\backend\\src\\common\\middleware\\auth.ts:29:12)\n    at Layer.handle [as handle_request] (C:\\Users\\agraw\\OneDrive\\Desktop\\Zentra\\zentra-finance\\backend\\node_modules\\express\\lib\\router\\layer.js:95:5)\n    at next (C:\\Users\\agraw\\OneDrive\\Desktop\\Zentra\\zentra-finance\\backend\\node_modules\\express\\lib\\router\\route.js:149:13)\n    at Route.dispatch (C:\\Users\\agraw\\OneDrive\\Desktop\\Zentra\\zentra-finance\\backend\\node_modules\\express\\lib\\router\\route.js:119:3)\n    at Layer.handle [as handle_request] (C:\\Users\\agraw\\OneDrive\\Desktop\\Zentra\\zentra-finance\\backend\\node_modules\\express\\lib\\router\\layer.js:95:5)\n    at C:\\Users\\agraw\\OneDrive\\Desktop\\Zentra\\zentra-finance\\backend\\node_modules\\express\\lib\\router\\index.js:284:15\n    at Function.process_params (C:\\Users\\agraw\\OneDrive\\Desktop\\Zentra\\zentra-finance\\backend\\node_modules\\express\\lib\\router\\index.js:346:12)\n    at next (C:\\Users\\agraw\\OneDrive\\Desktop\\Zentra\\zentra-finance\\backend\\node_modules\\express\\lib\\router\\index.js:280:10)\n    at Function.handle (C:\\Users\\agraw\\OneDrive\\Desktop\\Zentra\\zentra-finance\\backend\\node_modules\\express\\lib\\router\\index.js:175:3)\n    at router (C:\\Users\\agraw\\OneDrive\\Desktop\\Zentra\\zentra-finance\\backend\\node_modules\\express\\lib\\router\\index.js:47:12)\n    at Layer.handle [as handle_request] (C:\\Users\\agraw\\OneDrive\\Desktop\\Zentra\\zentra-finance\\backend\\node_modules\\express\\lib\\router\\layer.js:95:5)\n    at trim_prefix (C:\\Users\\agraw\\OneDrive\\Desktop\\Zentra\\zentra-finance\\backend\\node_modules\\express\\lib\\router\\index.js:328:13)\n    at C:\\Users\\agraw\\OneDrive\\Desktop\\Zentra\\zentra-finance\\backend\\node_modules\\express\\lib\\router\\index.js:286:9\n    at Function.process_params (C:\\Users\\agraw\\OneDrive\\Desktop\\Zentra\\zentra-finance\\backend\\node_modules\\express\\lib\\router\\index.js:346:12)\n    at next (C:\\Users\\agraw\\OneDrive\\Desktop\\Zentra\\zentra-finance\\backend\\node_modules\\express\\lib\\router\\index.js:280:10)\n    at jsonParser (C:\\Users\\agraw\\OneDrive\\Desktop\\Zentra\\zentra-finance\\backend\\node_modules\\body-parser\\lib\\types\\json.js:117:7)\n    at Layer.handle [as handle_request] (C:\\Users\\agraw\\OneDrive\\Desktop\\Zentra\\zentra-finance\\backend\\node_modules\\express\\lib\\router\\layer.js:95:5)\n    at trim_prefix (C:\\Users\\agraw\\OneDrive\\Desktop\\Zentra\\zentra-finance\\backend\\node_modules\\express\\lib\\router\\index.js:328:13)\n    at C:\\Users\\agraw\\OneDrive\\Desktop\\Zentra\\zentra-finance\\backend\\node_modules\\express\\lib\\router\\index.js:286:9\n    at Function.process_params (C:\\Users\\agraw\\OneDrive\\Desktop\\Zentra\\zentra-finance\\backend\\node_modules\\express\\lib\\router\\index.js:346:12)\n    at next (C:\\Users\\agraw\\OneDrive\\Desktop\\Zentra\\zentra-finance\\backend\\node_modules\\express\\lib\\router\\index.js:280:10)\n    at expressInit (C:\\Users\\agraw\\OneDrive\\Desktop\\Zentra\\zentra-finance\\backend\\node_modules\\express\\lib\\middleware\\init.js:40:5)\n    at Layer.handle [as handle_request] (C:\\Users\\agraw\\OneDrive\\Desktop\\Zentra\\zentra-finance\\backend\\node_modules\\express\\lib\\router\\layer.js:95:5)\n    at trim_prefix (C:\\Users\\agraw\\OneDrive\\Desktop\\Zentra\\zentra-finance\\backend\\node_modules\\express\\lib\\router\\index.js:328:13)\n    at C:\\Users\\agraw\\OneDrive\\Desktop\\Zentra\\zentra-finance\\backend\\node_modules\\express\\lib\\router\\index.js:286:9\n    at Function.process_params (C:\\Users\\agraw\\OneDrive\\Desktop\\Zentra\\zentra-finance\\backend\\node_modules\\express\\lib\\router\\index.js:346:12)\n    at next (C:\\Users\\agraw\\OneDrive\\Desktop\\Zentra\\zentra-finance\\backend\\node_modules\\express\\lib\\router\\index.js:280:10)\n    at query (C:\\Users\\agraw\\OneDrive\\Desktop\\Zentra\\zentra-finance\\backend\\node_modules\\express\\lib\\middleware\\query.js:45:5)\n    at Layer.handle [as handle_request] (C:\\Users\\agraw\\OneDrive\\Desktop\\Zentra\\zentra-finance\\backend\\node_modules\\express\\lib\\router\\layer.js:95:5)\n    at trim_prefix (C:\\Users\\agraw\\OneDrive\\Desktop\\Zentra\\zentra-finance\\backend\\node_modules\\express\\lib\\router\\index.js:328:13)\n    at C:\\Users\\agraw\\OneDrive\\Desktop\\Zentra\\zentra-finance\\backend\\node_modules\\express\\lib\\router\\index.js:286:9\n    at Function.process_params (C:\\Users\\agraw\\OneDrive\\Desktop\\Zentra\\zentra-finance\\backend\\node_modules\\express\\lib\\router\\index.js:346:12)\n    at next (C:\\Users\\agraw\\OneDrive\\Desktop\\Zentra\\zentra-finance\\backend\\node_modules\\express\\lib\\router\\index.js:280:10)\n    at Function.handle (C:\\Users\\agraw\\OneDrive\\Desktop\\Zentra\\zentra-finance\\backend\\node_modules\\express\\lib\\router\\index.js:175:3)\n    at Function.handle (C:\\Users\\agraw\\OneDrive\\Desktop\\Zentra\\zentra-finance\\backend\\node_modules\\express\\lib\\application.js:181:10)\n    at Server.app (C:\\Users\\agraw\\OneDrive\\Desktop\\Zentra\\zentra-finance\\backend\\node_modules\\express\\lib\\express.js:39:9)\n    at Server.emit (node:events:518:28)\n    at parserOnIncoming (node:_http_server:1153:12)\n    at HTTPParser.parserOnHeadersComplete (node:_http_common:117:17)","statusCode":401,"isOperational":true,"code":"AUTHENTICATION_ERROR"},"req":{"method":"GET","url":"/api/v1/transactions"},"msg":"Invalid token"}
{"level":40,"time":1786116717935,"pid":11740,"hostname":"AYUSH_AGRAWAL","err":{"type":"ValidationError","message":"Validation failed","stack":"Error: Validation failed\n    at C:\\Users\\agraw\\OneDrive\\Desktop\\Zentra\\zentra-finance\\backend\\src\\common\\middleware\\validate.ts:16:14\n    at processTicksAndRejections (node:internal/process/task_queues:105:5)","statusCode":400,"isOperational":true,"code":"VALIDATION_ERROR","details":[{"validation":"uuid","code":"invalid_string","message":"Category ID must be a valid UUID","path":["body","categoryId"]}]},"req":{"method":"POST","url":"/api/v1/transactions"},"msg":"Validation failed"}
{"level":40,"time":1786116717971,"pid":11740,"hostname":"AYUSH_AGRAWAL","err":{"type":"ValidationError","message":"Validation failed","stack":"Error: Validation failed\n    at C:\\Users\\agraw\\OneDrive\\Desktop\\Zentra\\zentra-finance\\backend\\src\\common\\middleware\\validate.ts:16:14\n    at processTicksAndRejections (node:internal/process/task_queues:105:5)","statusCode":400,"isOperational":true,"code":"VALIDATION_ERROR","details":[{"code":"invalid_type","expected":"number","received":"undefined","path":["body","amount"],"message":"Amount is required"},{"validation":"uuid","code":"invalid_string","message":"Category ID must be a valid UUID","path":["body","categoryId"]}]},"req":{"method":"POST","url":"/api/v1/transactions"},"msg":"Validation failed"}
{"level":40,"time":1786116717981,"pid":11740,"hostname":"AYUSH_AGRAWAL","err":{"type":"ValidationError","message":"Validation failed","stack":"Error: Validation failed\n    at C:\\Users\\agraw\\OneDrive\\Desktop\\Zentra\\zentra-finance\\backend\\src\\common\\middleware\\validate.ts:16:14\n    at processTicksAndRejections (node:internal/process/task_queues:105:5)","statusCode":400,"isOperational":true,"code":"VALIDATION_ERROR","details":[{"code":"too_small","minimum":0,"type":"number","inclusive":false,"exact":false,"message":"Amount must be greater than zero","path":["body","amount"]},{"validation":"uuid","code":"invalid_string","message":"Category ID must be a valid UUID","path":["body","categoryId"]}]},"req":{"method":"POST","url":"/api/v1/transactions"},"msg":"Validation failed"}
{"level":40,"time":1786116717998,"pid":11740,"hostname":"AYUSH_AGRAWAL","err":{"type":"ValidationError","message":"Validation failed","stack":"Error: Validation failed\n    at C:\\Users\\agraw\\OneDrive\\Desktop\\Zentra\\zentra-finance\\backend\\src\\common\\middleware\\validate.ts:16:14\n    at processTicksAndRejections (node:internal/process/task_queues:105:5)","statusCode":400,"isOperational":true,"code":"VALIDATION_ERROR","details":[{"received":"INVALID","code":"invalid_enum_value","options":["income","expense","transfer"],"path":["body","transactionType"],"message":"Invalid enum value. Expected 'income' | 'expense' | 'transfer', received 'INVALID'"},{"validation":"uuid","code":"invalid_string","message":"Category ID must be a valid UUID","path":["body","categoryId"]}]},"req":{"method":"POST","url":"/api/v1/transactions"},"msg":"Validation failed"}
{"level":40,"time":1786116718013,"pid":11740,"hostname":"AYUSH_AGRAWAL","err":{"type":"ValidationError","message":"Validation failed","stack":"Error: Validation failed\n    at C:\\Users\\agraw\\OneDrive\\Desktop\\Zentra\\zentra-finance\\backend\\src\\common\\middleware\\validate.ts:16:14\n    at processTicksAndRejections (node:internal/process/task_queues:105:5)","statusCode":400,"isOperational":true,"code":"VALIDATION_ERROR","details":[{"validation":"uuid","code":"invalid_string","message":"Category ID must be a valid UUID","path":["body","categoryId"]}]},"req":{"method":"POST","url":"/api/v1/transactions"},"msg":"Validation failed"}
{"level":40,"time":1786116718026,"pid":11740,"hostname":"AYUSH_AGRAWAL","err":{"type":"ValidationError","message":"Validation failed","stack":"Error: Validation failed\n    at C:\\Users\\agraw\\OneDrive\\Desktop\\Zentra\\zentra-finance\\backend\\src\\common\\middleware\\validate.ts:16:14\n    at processTicksAndRejections (node:internal/process/task_queues:105:5)","statusCode":400,"isOperational":true,"code":"VALIDATION_ERROR","details":[{"validation":"uuid","code":"invalid_string","message":"Category ID must be a valid UUID","path":["body","categoryId"]}]},"req":{"method":"POST","url":"/api/v1/transactions"},"msg":"Validation failed"}
{"level":50,"time":1786116718041,"pid":11740,"hostname":"AYUSH_AGRAWAL","err":{"type":"TypeError","message":"Cannot destructure property 'rows' of '(intermediate value)' as it is undefined.","stack":"TypeError: Cannot destructure property 'rows' of '(intermediate value)' as it is undefined.\n    at listTransactionsService (C:\\Users\\agraw\\OneDrive\\Desktop\\Zentra\\zentra-finance\\backend\\src\\modules\\transactions\\services\\list-transactions.service.ts:22:11)\n    at processTicksAndRejections (node:internal/process/task_queues:105:5)\n    at listTransactions (C:\\Users\\agraw\\OneDrive\\Desktop\\Zentra\\zentra-finance\\backend\\src\\modules\\transactions\\controllers\\transaction.controller.ts:42:20)"},"req":{"method":"GET","url":"/api/v1/transactions"},"msg":"Cannot destructure property 'rows' of '(intermediate value)' as it is undefined."}
{"level":50,"time":1786116718067,"pid":11740,"hostname":"AYUSH_AGRAWAL","err":{"type":"TypeError","message":"Cannot destructure property 'rows' of '(intermediate value)' as it is undefined.","stack":"TypeError: Cannot destructure property 'rows' of '(intermediate value)' as it is undefined.\n    at listTransactionsService (C:\\Users\\agraw\\OneDrive\\Desktop\\Zentra\\zentra-finance\\backend\\src\\modules\\transactions\\services\\list-transactions.service.ts:22:11)\n    at processTicksAndRejections (node:internal/process/task_queues:105:5)\n    at listTransactions (C:\\Users\\agraw\\OneDrive\\Desktop\\Zentra\\zentra-finance\\backend\\src\\modules\\transactions\\controllers\\transaction.controller.ts:42:20)"},"req":{"method":"GET","url":"/api/v1/transactions?type=expense&page=2&limit=10"},"msg":"Cannot destructure property 'rows' of '(intermediate value)' as it is undefined."}
{"level":40,"time":1786116718082,"pid":11740,"hostname":"AYUSH_AGRAWAL","err":{"type":"ValidationError","message":"Validation failed","stack":"Error: Validation failed\n    at C:\\Users\\agraw\\OneDrive\\Desktop\\Zentra\\zentra-finance\\backend\\src\\common\\middleware\\validate.ts:16:14\n    at processTicksAndRejections (node:internal/process/task_queues:105:5)","statusCode":400,"isOperational":true,"code":"VALIDATION_ERROR","details":[{"received":"BADTYPE","code":"invalid_enum_value","options":["income","expense","transfer"],"path":["query","type"],"message":"Invalid enum value. Expected 'income' | 'expense' | 'transfer', received 'BADTYPE'"}]},"req":{"method":"GET","url":"/api/v1/transactions?type=BADTYPE"},"msg":"Validation failed"}
{"level":40,"time":1786116718132,"pid":11740,"hostname":"AYUSH_AGRAWAL","err":{"type":"NotFoundError","message":"Transaction not found.","stack":"Error: Transaction not found.\n    at getTransactionService (C:\\Users\\agraw\\OneDrive\\Desktop\\Zentra\\zentra-finance\\backend\\src\\modules\\transactions\\services\\get-transaction.service.ts:13:11)\n    at processTicksAndRejections (node:internal/process/task_queues:105:5)\n    at getTransaction (C:\\Users\\agraw\\OneDrive\\Desktop\\Zentra\\zentra-finance\\backend\\src\\modules\\transactions\\controllers\\transaction.controller.ts:101:20)","statusCode":404,"isOperational":true,"code":"NOT_FOUND_ERROR"},"req":{"method":"GET","url":"/api/v1/transactions/txn-uuid-1"},"msg":"Transaction not found."}
{"level":40,"time":1786116718145,"pid":11740,"hostname":"AYUSH_AGRAWAL","err":{"type":"NotFoundError","message":"Transaction not found.","stack":"Error: Transaction not found.\n    at getTransactionService (C:\\Users\\agraw\\OneDrive\\Desktop\\Zentra\\zentra-finance\\backend\\src\\modules\\transactions\\services\\get-transaction.service.ts:13:11)\n    at processTicksAndRejections (node:internal/process/task_queues:105:5)\n    at getTransaction (C:\\Users\\agraw\\OneDrive\\Desktop\\Zentra\\zentra-finance\\backend\\src\\modules\\transactions\\controllers\\transaction.controller.ts:101:20)","statusCode":404,"isOperational":true,"code":"NOT_FOUND_ERROR"},"req":{"method":"GET","url":"/api/v1/transactions/missing-id"},"msg":"Transaction not found."}
{"level":40,"time":1786116718155,"pid":11740,"hostname":"AYUSH_AGRAWAL","err":{"type":"NotFoundError","message":"Transaction not found.","stack":"Error: Transaction not found.\n    at updateTransactionService (C:\\Users\\agraw\\OneDrive\\Desktop\\Zentra\\zentra-finance\\backend\\src\\modules\\transactions\\services\\update-transaction.service.ts:16:11)\n    at processTicksAndRejections (node:internal/process/task_queues:105:5)\n    at updateTransaction (C:\\Users\\agraw\\OneDrive\\Desktop\\Zentra\\zentra-finance\\backend\\src\\modules\\transactions\\controllers\\transaction.controller.ts:120:20)","statusCode":404,"isOperational":true,"code":"NOT_FOUND_ERROR"},"req":{"method":"PATCH","url":"/api/v1/transactions/txn-uuid-1"},"msg":"Transaction not found."}
{"level":40,"time":1786116718169,"pid":11740,"hostname":"AYUSH_AGRAWAL","err":{"type":"NotFoundError","message":"Transaction not found.","stack":"Error: Transaction not found.\n    at updateTransactionService (C:\\Users\\agraw\\OneDrive\\Desktop\\Zentra\\zentra-finance\\backend\\src\\modules\\transactions\\services\\update-transaction.service.ts:16:11)\n    at processTicksAndRejections (node:internal/process/task_queues:105:5)\n    at updateTransaction (C:\\Users\\agraw\\OneDrive\\Desktop\\Zentra\\zentra-finance\\backend\\src\\modules\\transactions\\controllers\\transaction.controller.ts:120:20)","statusCode":404,"isOperational":true,"code":"NOT_FOUND_ERROR"},"req":{"method":"PATCH","url":"/api/v1/transactions/missing-id"},"msg":"Transaction not found."}
{"level":40,"time":1786116718181,"pid":11740,"hostname":"AYUSH_AGRAWAL","err":{"type":"ValidationError","message":"Validation failed","stack":"Error: Validation failed\n    at C:\\Users\\agraw\\OneDrive\\Desktop\\Zentra\\zentra-finance\\backend\\src\\common\\middleware\\validate.ts:16:14\n    at processTicksAndRejections (node:internal/process/task_queues:105:5)","statusCode":400,"isOperational":true,"code":"VALIDATION_ERROR","details":[{"code":"too_small","minimum":0,"type":"number","inclusive":false,"exact":false,"message":"Amount must be greater than zero","path":["body","amount"]}]},"req":{"method":"PATCH","url":"/api/v1/transactions/txn-uuid-1"},"msg":"Validation failed"}
{"level":40,"time":1786116718190,"pid":11740,"hostname":"AYUSH_AGRAWAL","err":{"type":"NotFoundError","message":"Transaction not found.","stack":"Error: Transaction not found.\n    at deleteTransactionService (C:\\Users\\agraw\\OneDrive\\Desktop\\Zentra\\zentra-finance\\backend\\src\\modules\\transactions\\services\\delete-transaction.service.ts:12:11)\n    at processTicksAndRejections (node:internal/process/task_queues:105:5)\n    at deleteTransaction (C:\\Users\\agraw\\OneDrive\\Desktop\\Zentra\\zentra-finance\\backend\\src\\modules\\transactions\\controllers\\transaction.controller.ts:138:5)","statusCode":404,"isOperational":true,"code":"NOT_FOUND_ERROR"},"req":{"method":"DELETE","url":"/api/v1/transactions/txn-uuid-1"},"msg":"Transaction not found."}
{"level":40,"time":1786116718201,"pid":11740,"hostname":"AYUSH_AGRAWAL","err":{"type":"NotFoundError","message":"Transaction not found.","stack":"Error: Transaction not found.\n    at deleteTransactionService (C:\\Users\\agraw\\OneDrive\\Desktop\\Zentra\\zentra-finance\\backend\\src\\modules\\transactions\\services\\delete-transaction.service.ts:12:11)\n    at processTicksAndRejections (node:internal/process/task_queues:105:5)\n    at deleteTransaction (C:\\Users\\agraw\\OneDrive\\Desktop\\Zentra\\zentra-finance\\backend\\src\\modules\\transactions\\controllers\\transaction.controller.ts:138:5)","statusCode":404,"isOperational":true,"code":"NOT_FOUND_ERROR"},"req":{"method":"DELETE","url":"/api/v1/transactions/missing-id"},"msg":"Transaction not found."}
